// Jest Snapshot v1, https://goo.gl/fbAQLP

exports[`CalEventsFromRawEvents 1`] = `
Array [
  Object {
    "end": 2021-08-31T06:00:00.000Z,
    "global": undefined,
    "id": 0,
    "start": 2021-08-31T00:00:00.000Z,
    "title": "East Village Shirtless Dance Party",
  },
  Object {
    "end": 2021-09-05T03:30:00.000Z,
    "global": true,
    "id": 1,
    "start": 2021-09-05T01:00:00.000Z,
    "title": "Man Burn",
  },
  Object {
    "end": 2021-09-06T01:00:00.000Z,
    "global": true,
    "id": 2,
    "start": 2021-09-05T22:00:00.000Z,
    "title": "Temple Burn",
  },
  Object {
    "end": 2021-08-31T16:00:00.000Z,
    "global": undefined,
    "id": 3,
    "start": 2021-08-31T15:00:00.000Z,
    "title": "Lazy workout",
  },
  Object {
    "end": 2021-09-01T16:00:00.000Z,
    "global": undefined,
    "id": 3,
    "start": 2021-09-01T15:00:00.000Z,
    "title": "Lazy workout",
  },
  Object {
    "end": 2021-09-02T16:00:00.000Z,
    "global": undefined,
    "id": 3,
    "start": 2021-09-02T15:00:00.000Z,
    "title": "Lazy workout",
  },
  Object {
    "end": 2021-09-03T16:00:00.000Z,
    "global": undefined,
    "id": 3,
    "start": 2021-09-03T15:00:00.000Z,
    "title": "Lazy workout",
  },
  Object {
    "end": 2021-09-04T16:00:00.000Z,
    "global": undefined,
    "id": 3,
    "start": 2021-09-04T15:00:00.000Z,
    "title": "Lazy workout",
  },
  Object {
    "end": 2021-09-01T03:59:00.000Z,
    "global": undefined,
    "id": 4,
    "start": 2021-08-31T22:00:00.000Z,
    "title": "Your Dreams Interpreted",
  },
  Object {
    "end": 2021-09-03T03:59:00.000Z,
    "global": undefined,
    "id": 4,
    "start": 2021-09-02T22:00:00.000Z,
    "title": "Your Dreams Interpreted",
  },
  Object {
    "end": 2021-09-02T03:59:00.000Z,
    "global": undefined,
    "id": 5,
    "start": 2021-09-01T22:00:00.000Z,
    "title": "Cook yer sausage",
  },
  Object {
    "end": 2021-09-02T22:00:00.000Z,
    "global": undefined,
    "id": 6,
    "start": 2021-09-02T20:00:00.000Z,
    "title": "Billion Bunny March",
  },
  Object {
    "end": 2021-09-04T03:59:00.000Z,
    "global": undefined,
    "id": 7,
    "start": 2021-09-03T22:00:00.000Z,
    "title": "AP Calculus Study Group",
  },
  Object {
    "end": 2021-09-04T06:00:00.000Z,
    "global": undefined,
    "id": 8,
    "start": 2021-09-04T04:45:00.000Z,
    "title": "Impossibility space",
  },
  Object {
    "end": 2021-08-31T04:45:00.000Z,
    "global": undefined,
    "id": 9,
    "start": 2021-08-31T04:00:00.000Z,
    "title": "Midnight coffee",
  },
  Object {
    "end": 2021-09-01T04:45:00.000Z,
    "global": undefined,
    "id": 9,
    "start": 2021-09-01T04:00:00.000Z,
    "title": "Midnight coffee",
  },
  Object {
    "end": 2021-09-02T04:45:00.000Z,
    "global": undefined,
    "id": 9,
    "start": 2021-09-02T04:00:00.000Z,
    "title": "Midnight coffee",
  },
  Object {
    "end": 2021-09-03T04:45:00.000Z,
    "global": undefined,
    "id": 9,
    "start": 2021-09-03T04:00:00.000Z,
    "title": "Midnight coffee",
  },
  Object {
    "end": 2021-09-04T04:45:00.000Z,
    "global": undefined,
    "id": 9,
    "start": 2021-09-04T04:00:00.000Z,
    "title": "Midnight coffee",
  },
]
`;
